━━━ 选题 1 ━━━
小时候考99分，我妈问我那1分去哪了  
拍：特写一张99分卷子，手指虚化指扣分处，背景孩子低头  
停：想起自己童年的委屈  
站：站孩子，反完美主义教育  

代码：49 — 群体共鸣。撬动：共同记忆里的不被满足感。  
分享：转发代表“我也是这样长大的，不想让下一代再经历”  

━━━ 选题 2 ━━━
爸爸第一次打了我，第二天他偷偷哭了  
拍：抓拍中年男人背对镜头用袖子擦眼睛，旁边放着涂改痕迹很重的作业本  
停：被父母的脆弱和矛盾击中  
站：站相互理解的父子关系，反对暴力但允许后悔  

代码：52 — 暴露弱点。撬动：成年人表面强硬下的无助被看见。  
分享：转发表达“父母也会愧疚，我选择原谅”  

━━━ 选题 3 ━━━
妈妈把最好的给我，自己吃剩菜吃了十年  
拍：镜头拍冰箱里一盘剩菜，旁边一碗新鲜饭菜，妈妈背影在厨房洗碗  
停：想到自己的父母，心里一酸  
站：站父母的无私，反长期自我牺牲的隐形成本  

代码：54 — 回忆杀。撬动：对父母亏欠感的突然释放。  
分享：转发代表“我也想对妈妈说声谢谢，趁还来得及”  

━━━ 选题 4 ━━━
花20万补习不如免费做对这件事  
拍：拍一个孩子专注翻书（非课本），旁边几张揉成团的补习班传单  
停：好奇那个替代方案是什么  
站：站理性家长，反盲目烧钱跟风  

代码：05 — 极简交付。撬动：贪婪——想用极低成本获得更高回报。  
分享：转发表达“我是清醒的家长，不想交智商税”  

━━━ 选题 5 ━━━
老师让家长批改作业，我直接把作业扔了  
拍：低角度拍垃圾桶里的作业本，旁边家长摊手特写  
停：认同这种对抗，管得太宽  
站：站家长，反对学校责任转嫁  

代码：44 — 共同敌人。撬动：对越界规则的同仇敌忾。  
分享：转发代表“我也受不了，终于有人替我出了口气”  

━━━ 选题 6 ━━━
孩子问我“妈妈你会死吗”，我哭了  
拍：孩子的小手轻拭妈妈脸颊泪水，背景虚化，只有手和脸  
停：被真实的情感冲击，想看如何回答  
站：站坦诚面对生死，反对回避吓唬  

代码：57 — 世另我。撬动：原来不止我一个人被孩子问过这个问题，孤独被共鸣。  
分享：转发表达“我也曾被这样问过，不知道怎么做是对的”